Person{name='Mustermann', firstname='Max', age='15'}